bun test v1.3.14 (0d9b296a)

test/todo.test.ts:
(pass) todo tool > registers metadata and performs create/list/get/update/delete/clear [17.11ms]
(pass) todo tool > stores and formats per-task thinking levels [0.15ms]
(pass) todo tool > keeps live tool state isolated by session id in one process [0.16ms]
(pass) todo tool > warns before appending to unfinished todos and supports replace for new plans [0.16ms]
(pass) todo tool > publishes live todo state events after commits [0.12ms]
(pass) todo tool > mirrors live todo state through the reserved RPC widget envelope [0.15ms]
(pass) todo tool > does not expose the private state widget to other RPC hosts [0.08ms]
(pass) todo tool > throws Pi tool errors without committing invalid mutations [0.15ms]
(pass) todo tool > automatically clears todo state when all visible tasks are completed [0.12ms]
(pass) todo tool > validates dependency invariants [0.51ms]
(pass) todo tool > filters list output and formats get output with inverse blocks [0.30ms]
(pass) todo tool > supports hierarchy, batch operations, and import/export [0.91ms]
(pass) todo reducer > rejects repeated task ids in a batch update without changing the plan [0.09ms]
(pass) todo reducer > validates create blockedBy references [0.08ms]
(pass) todo reducer > enforces status transitions and deleted terminal behavior [0.08ms]
(pass) todo reducer > merges metadata, removes blockedBy, and catches graph edge cases [0.15ms]
(pass) todo reducer > handles missing ids and delete edge cases [0.08ms]
(pass) todo replay > replays the last valid todo branch snapshot and clones task objects [0.17ms]
(pass) todo replay > replays a command snapshot after an older tool result [0.10ms]
(pass) /todos command > /todos command renders empty and grouped UI summaries and handles non-interactive mode [1.00ms]
(pass) /todos command > /todos command supports filters, tree view, and export [0.64ms]
(pass) /todos command > /todos persist controls project plan file and scope defers out-of-scope tasks [1.69ms]
(pass) /todos command > /todos-clear and /todos clear reset todo state and persisted plans [0.68ms]
(pass) /todos command > todo tool autosaves while persistence is enabled and removes complete plans [0.72ms]
(pass) todo extension lifecycle > adds one repo knowledge reminder before the final active todo in repo-aware projects [6.32ms]
(pass) todo extension lifecycle > does not add the repo knowledge finalization reminder outside repo-aware projects [1.11ms]
(pass) todo extension lifecycle > adds compact thinking prompt and switches/restores active task thinking [1.19ms]
(pass) todo extension lifecycle > restores the baseline thinking only after the last active todo completes [1.18ms]
(pass) todo extension lifecycle > forces the configured GLM-5.3 todo thinking override to max [1.12ms]
(pass) todo extension lifecycle > prefers exact provider/model todo overrides over wildcard and bare-model matches [1.22ms]
(pass) todo extension lifecycle > restores original thinking after off final todo completion and plan replacement [1.12ms]
(pass) todo extension lifecycle > restores original thinking from persisted task metadata when the in-memory map is gone [0.81ms]
(pass) todo extension lifecycle > suppresses the agent_end auto-nudge caused by an internal todo thinking switch [1.18ms]
(pass) todo extension lifecycle > optimistically completes the current in-progress todo on agent_end when it was started this turn [0.76ms]
(pass) todo extension lifecycle > optimistically completes the current in-progress todo on assistant message_end before agent_end [0.81ms]
(pass) todo extension lifecycle > optimistically completes the current in-progress todo when the final assistant content is a plain string [0.72ms]
(pass) todo extension lifecycle > does not auto-complete or auto-nudge on tool-use assistant turns [0.72ms]
(pass) todo extension lifecycle > does not auto-nudge after a terminal provider error [0.56ms]
(pass) todo extension lifecycle > does not auto-complete an in-progress todo that was already active before this turn [0.73ms]
(pass) todo extension lifecycle > loads persisted plans on startup, prompts for scope, and suppresses duplicate auto-nudge [1.08ms]
(pass) todo extension lifecycle > auto-nudges unfinished tasks once per signature and resets after branch replay [0.53ms]
(pass) todo extension lifecycle > schedules the first unfinished-todo nudge after agent_settled for older lingering work [0.47ms]
(pass) todo extension lifecycle > does not queue a pre-final todo reconciliation follow-up after todo mutations [0.60ms]
(pass) todo extension lifecycle > auto-nudge ignores active tasks whose blockers are incomplete [0.48ms]
(pass) todo extension lifecycle > defers auto-nudge while ask_user is pending [0.50ms]

 45 pass
 0 fail
 255 expect() calls
Ran 45 tests across 1 file. [284.00ms]
